////////////////////////////////////////////////////////////////////////////////
///////////////////InstallShield Media Library Report Summary///////////////////
////////////////////////////////////////////////////////////////////////////////

Media Name      : New Media
Report Filename : C:\SECUR\SENTRY\My Installations\Sentry\Media\New Media\Report Files\11-02-1999 8.50.43PM.rpt
Date            : 11/02/1999
Time            : 8:50PM

Number of Components:                3 
Number of File Groups:               3 
Number of Files:                    25 
Total Size of Files:           646,498 (bytes)

==========
COMPONENTS
==========


     Program Files
     Help Files
     Security Tools


////////////////////////////////////////////////////////////////////////////////
/////////////////////////////////Report Details/////////////////////////////////
////////////////////////////////////////////////////////////////////////////////


================================================================================
                           COMPONENT: "Program Files"
================================================================================

SUMMARY:
    Total Files:               10 (files for this component only)
    Source Bytes:         208,609 (files for this component only)


                **** File Group: "Program Executable Files" ****


<Directory>: C:\secur\Sentry

    Filename                    Date        Time      Size         Version      
    --------------------------  ----------  --------  -----------  -------------
    CBREAK.SYS                  03/05/1997  21:26:00          226               
    SENTRY.GRP                  07/03/1996  09:47:00        1,329               
    SENTRY.W95                  07/03/1996  09:47:00          995               
    SENTRY.311                  03/04/1998  16:36:40          995               
    --------------------------  ----------  --------  -----------  -------------
    Count=4                                                 3,545               


<Directory>: C:\secur\sentry

    Filename                    Date        Time      Size         Version      
    --------------------------  ----------  --------  -----------  -------------
    SENTRY.PIF                  01/05/1999  16:13:46          995               
    SENTRY.URL                  05/15/1999  23:58:20           54               
    LICENSE.TXT                 05/07/1999  22:22:56        3,378               
    LICENSE.SHA                 05/07/1999  22:21:04        3,337               
    --------------------------  ----------  --------  -----------  -------------
    Count=4                                                 7,764               


<Directory>: C:\SECUR\SENTRY

    Filename                    Date        Time      Size         Version      
    --------------------------  ----------  --------  -----------  -------------
    SENTRY.EXE                  11/02/1999  20:40:24      127,496               
    INSTALL.EXE                 11/02/1999  20:40:32       69,804               
    --------------------------  ----------  --------  -----------  -------------
    Count=2                                               197,300               


================================================================================
                            COMPONENT: "Help Files"
================================================================================

SUMMARY:
    Total Files:               14 (files for this component only)
    Source Bytes:         628,606 (files for this component only)


                       **** File Group: "Help Files" ****


<Directory>: C:\secur\Sentry

    Filename                    Date        Time      Size         Version      
    --------------------------  ----------  --------  -----------  -------------
    README.COM                  07/03/1996  09:47:00        4,217               
    --------------------------  ----------  --------  -----------  -------------
    Count=1                                                 4,217               


<Directory>: C:\secur\sentry

    Filename                    Date        Time      Size         Version      
    --------------------------  ----------  --------  -----------  -------------
    QSTART.TXT                  08/28/1996  16:38:30        2,055               
    READMEES.TXT                05/15/1999  23:58:10      125,716               
    SENTRY.HLP                  03/04/1998  19:09:08       24,732               
    SENTRY.INS                  12/05/1998  22:34:12       11,701               
    SENTRYES.HLP                03/04/1998  19:09:30       26,883               
    SENTRYES.INS                01/25/1998  11:57:52       13,929               
    STRING                      12/05/1998  22:39:56       15,665               
    STRINGES                    12/05/1998  17:59:20       18,871               
    HISTORY.TXT                 11/02/1999  20:07:20       29,367               
    --------------------------  ----------  --------  -----------  -------------
    Count=9                                               268,919               


<Directory>: C:\SECUR\SENTRY

    Filename                    Date        Time      Size         Version      
    --------------------------  ----------  --------  -----------  -------------
    WHATSNEW.TXT                11/02/1999  20:07:34          127               
    ORDER.FRM                   11/02/1999  20:07:44        2,690               
    README.TXT                  11/02/1999  20:09:26      143,628               
    FILE_ID.DIZ                 11/02/1999  20:07:40          416               
    --------------------------  ----------  --------  -----------  -------------
    Count=4                                               146,861               


================================================================================
                          COMPONENT: "Security Tools"
================================================================================

SUMMARY:
    Total Files:                1 (files for this component only)
    Source Bytes:         646,498 (files for this component only)


                     **** File Group: "Security Tools" ****


<Directory>: C:\secur\sentry

    Filename                    Date        Time      Size         Version      
    --------------------------  ----------  --------  -----------  -------------
    SDEL.EXE                    11/02/1999  19:57:12       17,892               
    --------------------------  ----------  --------  -----------  -------------
    Count=1                                                17,892               
